Microchip MPLAB XC8 Compiler V2.32

Linker command line:

-W-3 --edf=C:\Program Files\Microchip\xc8\v2.32\pic\dat\en_msgs.txt -cn \
  -h+dist/default/production\RadarVeloci.X.production.sym \
  --cmf=dist/default/production\RadarVeloci.X.production.cmf -z -Q18F4520 \
  -oC:\Users\carlos\AppData\Local\Temp\xcAs88c.4 --defsym=__MPLAB_BUILD=1 \
  -Mdist/default/production/RadarVeloci.X.production.map -E1 \
  -ver=XC8 Compiler --acfsm=1493 -ASTACK=080h-05FFh -pstack=STACK \
  -ACODE=00h-07FFFh -ACONST=00h-07FFFh -ASMALLCONST=0600h-06FFhx122 \
  -AMEDIUMCONST=0600h-07FFFh -ACOMRAM=01h-07Fh -AABS1=00h-05FFh \
  -ABIGRAM=01h-05FFh -ARAM=080h-0FFh,0100h-01FFhx5 -ABANK0=080h-0FFh \
  -ABANK1=0100h-01FFh -ABANK2=0200h-02FFh -ABANK3=0300h-03FFh \
  -ABANK4=0400h-04FFh -ABANK5=0500h-05FFh -ASFR=0F80h-0FFFh \
  -ACONFIG=0300000h-030000Dh -AIDLOC=0200000h-0200007h \
  -AEEDATA=0F00000h-0F000FFh -peeprom_data=EEDATA \
  -preset_vec=00h,intcode,intcodelo,powerup,init -pramtop=0600h \
  -psmallconst=SMALLCONST -pmediumconst=MEDIUMCONST -pconst=CONST \
  -AFARRAM=00h-00h \
  -prdata=COMRAM,nvrram=COMRAM,nvbit=COMRAM,rbss=COMRAM,rbit=COMRAM \
  -pfarbss=FARRAM,fardata=FARRAM,nvFARRAM=FARRAM \
  -pintsave_regs=BIGRAM,bigbss=BIGRAM,bigdata=BIGRAM -pbss=RAM \
  -pidata=CODE,irdata=CODE,ibigdata=CODE,ifardata=CODE -prparam=COMRAM \
  C:\Users\carlos\AppData\Local\Temp\xcAs88c.o \
  dist/default/production\RadarVeloci.X.production.o 

Object code version is 3.11

Machine type is 18F4520



                Name                               Link     Load   Length Selector   Space Scale
C:\Users\carlos\AppData\Local\Temp\xcAs88c.o
                idloc                            200000   200000        8        0       5
                config                           300000   300000        E        0       4
                init                                  0        0        4        0       0
dist/default/production\RadarVeloci.X.production.o
                idloc                            200000   200000        8        0       5
                config                           300000   300000        E        0       4
                smallconst                          600      600       94      300       0
                text43                             1016     1016      24E      34A       0
                text42                             2072     2072       48      34A       0
                text41                             1DA8     1DA8       6A      34A       0
                text40                             1ED0     1ED0       58      34A       0
                text39                             2256     2256       2A      34A       0
                text38                             1D34     1D34       74      34A       0
                text37                             1E12     1E12       64      34A       0
                text36                             18B0     18B0       D6      34A       0
                text35                             1B98     1B98       9C      34A       0
                text34                             20FC     20FC       3E      34A       0
                text33                             2174     2174       32      34A       0
                text32                             21A6     21A6       30      34A       0
                text31                             236C     236C        2      34A       0
                text30                              DC8      DC8      24E      34A       0
                text29                             20BA     20BA       42      34A       0
                text28                             222C     222C       2A      34A       0
                text27                             2202     2202       2A      34A       0
                text26                             2024     2024       4E      34A       0
                text25                             1E76     1E76       5A      34A       0
                text24                             22E6     22E6       1E      34A       0
                text23                             2280     2280       26      34A       0
                text22                             1A40     1A40       B4      34A       0
                text21                             1AF4     1AF4       A4      34A       0
                text20                             1610     1610      16A      34A       0
                text19                             177A     177A      136      34A       0
                text18                             235A     235A        A      34A       0
                text17                             1CBC     1CBC       78      34A       0
                text16                             22C8     22C8       1E      34A       0
                text15                             1F7E     1F7E       56      34A       0
                text14                              B2C      B2C      29C      34A       0
                text13                             1C34     1C34       88      34A       0
                text12                             1FD4     1FD4       50      34A       0
                text11                             213A     213A       3A      34A       0
                text10                             1264     1264      240      34A       0
                text9                              2304     2304       1A      34A       0
                text8                              21D6     21D6       2C      34A       0
                text7                              2334     2334       16      34A       0
                text6                               694      694      498      34A       0
                text5                              1F28     1F28       56      34A       0
                text4                              14A4     14A4      16C      34A       0
                text3                              2364     2364        8      34A       0
                text2                              22A6     22A6       22      34A       0
                text1                              234A     234A       10      34A       0
                text0                              1986     1986       BA      34A       0
                cstackCOMRAM                          1        1       2D        1       1
                bssCOMRAM                            2E       2E       1C        1       1
                cinit                              231E     231E       16      34A       0

TOTAL           Name                               Link     Load   Length     Space
        CLASS   STACK          

        CLASS   CODE           
                init                                  0        0        4         0
                text43                             1016     1016      24E         0
                text42                             2072     2072       48         0
                text41                             1DA8     1DA8       6A         0
                text40                             1ED0     1ED0       58         0
                text39                             2256     2256       2A         0
                text38                             1D34     1D34       74         0
                text37                             1E12     1E12       64         0
                text36                             18B0     18B0       D6         0
                text35                             1B98     1B98       9C         0
                text34                             20FC     20FC       3E         0
                text33                             2174     2174       32         0
                text32                             21A6     21A6       30         0
                text31                             236C     236C        2         0
                text30                              DC8      DC8      24E         0
                text29                             20BA     20BA       42         0
                text28                             222C     222C       2A         0
                text27                             2202     2202       2A         0
                text26                             2024     2024       4E         0
                text25                             1E76     1E76       5A         0
                text24                             22E6     22E6       1E         0
                text23                             2280     2280       26         0
                text22                             1A40     1A40       B4         0
                text21                             1AF4     1AF4       A4         0
                text20                             1610     1610      16A         0
                text19                             177A     177A      136         0
                text18                             235A     235A        A         0
                text17                             1CBC     1CBC       78         0
                text16                             22C8     22C8       1E         0
                text15                             1F7E     1F7E       56         0
                text14                              B2C      B2C      29C         0
                text13                             1C34     1C34       88         0
                text12                             1FD4     1FD4       50         0
                text11                             213A     213A       3A         0
                text10                             1264     1264      240         0
                text9                              2304     2304       1A         0
                text8                              21D6     21D6       2C         0
                text7                              2334     2334       16         0
                text6                               694      694      498         0
                text5                              1F28     1F28       56         0
                text4                              14A4     14A4      16C         0
                text3                              2364     2364        8         0
                text2                              22A6     22A6       22         0
                text1                              234A     234A       10         0
                text0                              1986     1986       BA         0
                cinit                              231E     231E       16         0

        CLASS   CONST          

        CLASS   SMALLCONST     
                smallconst                          600      600       94         0

        CLASS   MEDIUMCONST    

        CLASS   COMRAM         
                cstackCOMRAM                          1        1       2D         1
                bssCOMRAM                            2E       2E       1C         1

        CLASS   ABS1           

        CLASS   BIGRAM         

        CLASS   RAM            

        CLASS   BANK0          

        CLASS   BANK1          

        CLASS   BANK2          

        CLASS   BANK3          

        CLASS   BANK4          

        CLASS   BANK5          

        CLASS   SFR            

        CLASS   CONFIG         
                config                           300000   300000        E         4

        CLASS   IDLOC          
                idloc                            200000   200000        8         5

        CLASS   EEDATA         

        CLASS   FARRAM         



SEGMENTS        Name                           Load    Length   Top    Selector   Space  Class

                reset_vec                      000000  000004  000004         0       0  CODE    
                cstackCOMRAM                   000001  000049  00004A         1       1  COMRAM  
                smallconst                     000600  000094  000694       300       0  SMALLCON
                text6                          000694  001CDA  00236E       34A       0  CODE    


UNUSED ADDRESS RANGES

        Name                Unused          Largest block    Delta
        BANK0            000080-0000FF               80
        BANK1            000100-0001FF              100
        BANK2            000200-0002FF              100
        BANK3            000300-0003FF              100
        BANK4            000400-0004FF              100
        BANK5            000500-0005FF              100
        BIGRAM           00004A-0005FF              5B6
        CODE             000004-0005FF              5FC
                         00236E-007FFF             5C92
        COMRAM           00004A-00007F               36
        CONST            000004-0005FF              5FC
                         00236E-007FFF             5C92
        EEDATA           F00000-F000FF              100
        MEDIUMCONST      00236E-007FFF             5C92
        RAM              000080-0005FF              100
        SFR              000F80-000FFF               80
        SMALLCONST       00236E-007FFF              100
        STACK            000080-0005FF              580

                                  Symbol Table

?___lldiv                cstackCOMRAM 00000D
?___llmod                cstackCOMRAM 00001A
?___lmul                 cstackCOMRAM 000001
?___lwdiv                cstackCOMRAM 000001
?___lwmod                cstackCOMRAM 000008
?_adcRead                cstackCOMRAM 000001
?_digitalRead            cstackCOMRAM 000001
?_kpRead                 cstackCOMRAM 000001
_ADCON0                  (abs)        000FC2
_ADCON1                  (abs)        000FC1
_ADCON2                  (abs)        000FC0
_ADRESH                  (abs)        000FC4
_ADRESL                  (abs)        000FC3
_BAUDCON                 (abs)        000FB8
_CCP2CON                 (abs)        000FBA
_CCPR2L                  (abs)        000FBB
_INTCON                  (abs)        000FF2
_PIR1                    (abs)        000F9E
_PORTA                   (abs)        000F80
_PORTB                   (abs)        000F81
_PORTC                   (abs)        000F82
_PORTD                   (abs)        000F83
_PORTE                   (abs)        000F84
_PR2                     (abs)        000FCB
_PulseClockData          text28       00222C
_PulseEnClock            text27       002202
_RCREG                   (abs)        000FAE
_RCSTA                   (abs)        000FAB
_SPBRG                   (abs)        000FAF
_SPBRGH                  (abs)        000FB0
_T0CON                   (abs)        000FD5
_T2CON                   (abs)        000FCA
_TMR0H                   (abs)        000FD7
_TMR0L                   (abs)        000FD6
_TRISA                   (abs)        000F92
_TRISB                   (abs)        000F93
_TRISC                   (abs)        000F94
_TRISD                   (abs)        000F95
_TRISE                   (abs)        000F96
_TXREG                   (abs)        000FAD
_TXSTA                   (abs)        000FAC
__HRAM                   (abs)        000000
__Habs1                  abs1         000000
__Hbank0                 bank0        000000
__Hbank1                 bank1        000000
__Hbank2                 bank2        000000
__Hbank3                 bank3        000000
__Hbank4                 bank4        000000
__Hbank5                 bank5        000000
__Hbigbss                bigbss       000000
__Hbigdata               bigdata      000000
__Hbigram                bigram       000000
__Hbss                   bss          000000
__HbssCOMRAM             bssCOMRAM    000000
__Hcinit                 cinit        000000
__Hclrtext               clrtext      000000
__Hcomram                comram       000000
__Hconfig                config       30000E
__Hconst                 const        000000
__HcstackCOMRAM          cstackCOMRAM 000000
__Hdata                  data         000000
__Heeprom_data           eeprom_data  000000
__Hfarbss                farbss       000000
__Hfardata               fardata      000000
__Hibigdata              ibigdata     000000
__Hidata                 idata        000000
__Hidloc                 idloc        200008
__Hifardata              ifardata     000000
__Hinit                  init         000004
__Hintcode               intcode      000000
__Hintcode_body          intcode_body 000000
__Hintcodelo             intcodelo    000000
__Hintentry              intentry     000000
__Hintret                intret       000000
__Hintsave_regs          intsave_regs 000000
__Hirdata                irdata       000000
__Hmediumconst           mediumconst  000000
__HnvFARRAM              nvFARRAM     000000
__Hnvbit                 nvbit        000000
__Hnvrram                nvrram       000000
__Hparam                 rparam       000000
__Hpowerup               powerup      000000
__Hram                   ram          000000
__Hramtop                ramtop       000600
__Hrbit                  rbit         000000
__Hrbss                  rbss         000000
__Hrdata                 rdata        000000
__Hreset_vec             reset_vec    000000
__Hrparam                rparam       000000
__Hsfr                   sfr          000000
__Hsmallconst            smallconst   000694
__Hspace_0               (abs)        00236E
__Hspace_1               (abs)        00004A
__Hspace_2               (abs)        000000
__Hspace_4               (abs)        60000E
__Hstack                 stack        000000
__Hstruct                struct       000000
__Htemp                  temp         000000
__Htext                  text         000000
__Htext0                 text0        000000
__Htext1                 text1        000000
__Htext10                text10       000000
__Htext11                text11       000000
__Htext12                text12       000000
__Htext13                text13       000000
__Htext14                text14       000000
__Htext15                text15       000000
__Htext16                text16       000000
__Htext17                text17       000000
__Htext18                text18       000000
__Htext19                text19       000000
__Htext2                 text2        000000
__Htext20                text20       000000
__Htext21                text21       000000
__Htext22                text22       000000
__Htext23                text23       000000
__Htext24                text24       000000
__Htext25                text25       000000
__Htext26                text26       000000
__Htext27                text27       000000
__Htext28                text28       000000
__Htext29                text29       000000
__Htext3                 text3        000000
__Htext30                text30       000000
__Htext31                text31       000000
__Htext32                text32       000000
__Htext33                text33       000000
__Htext34                text34       000000
__Htext35                text35       000000
__Htext36                text36       000000
__Htext37                text37       000000
__Htext38                text38       000000
__Htext39                text39       000000
__Htext4                 text4        000000
__Htext40                text40       000000
__Htext41                text41       000000
__Htext42                text42       000000
__Htext43                text43       000000
__Htext5                 text5        000000
__Htext6                 text6        000000
__Htext7                 text7        000000
__Htext8                 text8        000000
__Htext9                 text9        000000
__LRAM                   (abs)        000001
__Labs1                  abs1         000000
__Lbank0                 bank0        000000
__Lbank1                 bank1        000000
__Lbank2                 bank2        000000
__Lbank3                 bank3        000000
__Lbank4                 bank4        000000
__Lbank5                 bank5        000000
__Lbigbss                bigbss       000000
__Lbigdata               bigdata      000000
__Lbigram                bigram       000000
__Lbss                   bss          000000
__LbssCOMRAM             bssCOMRAM    000000
__Lcinit                 cinit        000000
__Lclrtext               clrtext      000000
__Lcomram                comram       000000
__Lconfig                config       000000
__Lconst                 const        000000
__LcstackCOMRAM          cstackCOMRAM 000000
__Ldata                  data         000000
__Leeprom_data           eeprom_data  000000
__Lfarbss                farbss       000000
__Lfardata               fardata      000000
__Libigdata              ibigdata     000000
__Lidata                 idata        000000
__Lidloc                 idloc        000000
__Lifardata              ifardata     000000
__Linit                  init         000000
__Lintcode               intcode      000000
__Lintcode_body          intcode_body 000000
__Lintcodelo             intcodelo    000000
__Lintentry              intentry     000000
__Lintret                intret       000000
__Lintsave_regs          intsave_regs 000000
__Lirdata                irdata       000000
__Lmediumconst           mediumconst  000000
__LnvFARRAM              nvFARRAM     000000
__Lnvbit                 nvbit        000000
__Lnvrram                nvrram       000000
__Lparam                 rparam       000000
__Lpowerup               powerup      000000
__Lram                   ram          000000
__Lramtop                ramtop       000600
__Lrbit                  rbit         000000
__Lrbss                  rbss         000000
__Lrdata                 rdata        000000
__Lreset_vec             reset_vec    000000
__Lrparam                rparam       000000
__Lsfr                   sfr          000000
__Lsmallconst            smallconst   000600
__Lspace_0               (abs)        000000
__Lspace_1               (abs)        000000
__Lspace_2               (abs)        000000
__Lspace_4               (abs)        000000
__Lstack                 stack        000000
__Lstruct                struct       000000
__Ltemp                  temp         000000
__Ltext                  text         000000
__Ltext0                 text0        000000
__Ltext1                 text1        000000
__Ltext10                text10       000000
__Ltext11                text11       000000
__Ltext12                text12       000000
__Ltext13                text13       000000
__Ltext14                text14       000000
__Ltext15                text15       000000
__Ltext16                text16       000000
__Ltext17                text17       000000
__Ltext18                text18       000000
__Ltext19                text19       000000
__Ltext2                 text2        000000
__Ltext20                text20       000000
__Ltext21                text21       000000
__Ltext22                text22       000000
__Ltext23                text23       000000
__Ltext24                text24       000000
__Ltext25                text25       000000
__Ltext26                text26       000000
__Ltext27                text27       000000
__Ltext28                text28       000000
__Ltext29                text29       000000
__Ltext3                 text3        000000
__Ltext30                text30       000000
__Ltext31                text31       000000
__Ltext32                text32       000000
__Ltext33                text33       000000
__Ltext34                text34       000000
__Ltext35                text35       000000
__Ltext36                text36       000000
__Ltext37                text37       000000
__Ltext38                text38       000000
__Ltext39                text39       000000
__Ltext4                 text4        000000
__Ltext40                text40       000000
__Ltext41                text41       000000
__Ltext42                text42       000000
__Ltext43                text43       000000
__Ltext5                 text5        000000
__Ltext6                 text6        000000
__Ltext7                 text7        000000
__Ltext8                 text8        000000
__Ltext9                 text9        000000
__S0                     (abs)        00236E
__S1                     (abs)        00004A
__S2                     (abs)        000000
__S4                     (abs)        000000
__S5                     (abs)        000000
___inthi_sp              stack        000000
___intlo_sp              stack        000000
___lldiv                 text21       001AF4
___lldiv@counter         cstackCOMRAM 000019
___lldiv@dividend        cstackCOMRAM 00000D
___lldiv@divisor         cstackCOMRAM 000011
___lldiv@quotient        cstackCOMRAM 000015
___llmod                 text13       001C34
___llmod@counter         cstackCOMRAM 000022
___llmod@dividend        cstackCOMRAM 00001A
___llmod@divisor         cstackCOMRAM 00001E
___lmul                  text41       001DA8
___lmul@multiplicand     cstackCOMRAM 000005
___lmul@multiplier       cstackCOMRAM 000001
___lmul@product          cstackCOMRAM 000009
___lwdiv                 text38       001D34
___lwdiv@counter         cstackCOMRAM 000007
___lwdiv@dividend        cstackCOMRAM 000001
___lwdiv@divisor         cstackCOMRAM 000003
___lwdiv@quotient        cstackCOMRAM 000005
___lwmod                 text37       001E12
___lwmod@counter         cstackCOMRAM 00000C
___lwmod@dividend        cstackCOMRAM 000008
___lwmod@divisor         cstackCOMRAM 00000A
___param_bank            (abs)        000000
___rparam_used           (abs)        000001
___sp                    stack        000000
__accesstop              (abs)        000080
__activetblptr           (abs)        000002
__end_of_PulseClockData  text28       002256
__end_of_PulseEnClock    text27       00222C
__end_of___lldiv         text21       001B98
__end_of___llmod         text13       001CBC
__end_of___lmul          text41       001E12
__end_of___lwdiv         text38       001DA8
__end_of___lwmod         text37       001E76
__end_of__initialization cinit        00232A
__end_of_adcInit         text42       0020BA
__end_of_adcRead         text12       002024
__end_of_apagaDisplay    text39       002280
__end_of_calcula         text35       001C34
__end_of_charKey         smallconst   00061C
__end_of_delayMicro      text31       00236E
__end_of_delayMili       text32       0021D6
__end_of_digitalRead     text20       00177A
__end_of_digitalWrite    text30       001016
__end_of_kpDebounce      text19       0018B0
__end_of_kpInit          text33       0021A6
__end_of_kpRead          text18       002364
__end_of_kpReadKey       text17       001D34
__end_of_lcdChar         text16       0022E6
__end_of_lcdCommand      text24       002304
__end_of_lcdInit         text22       001AF4
__end_of_lcdPosition     text11       002174
__end_of_lcdString       text15       001FD4
__end_of_leTeclado       text14       000DC8
__end_of_levelocidade    text10       0014A4
__end_of_main            text0        001A40
__end_of_mostraDisplay   text36       001986
__end_of_pinMode         text43       001264
__end_of_pulseEnablePin  text29       0020FC
__end_of_pushByte        text25       001ED0
__end_of_pushNibble      text23       0022A6
__end_of_serialInit      text9        00231E
__end_of_serialRead      text8        002202
__end_of_serialSend      text7        00234A
__end_of_serialcom       text6        000B2C
__end_of_soInit          text34       00213A
__end_of_soWrite         text26       002072
__end_of_ssdDigit        text40       001F28
__end_of_ssdInit         text5        001F7E
__end_of_ssdUpdate       text4        001610
__end_of_timerInit       text3        00236C
__end_of_timerReset      text2        0022C8
__end_of_timerWait       text1        00235A
__end_of_valor           smallconst   000612
__initialization         cinit        00231E
__mediumconst            mediumconst  000000
__pbssCOMRAM             bssCOMRAM    00002E
__pcinit                 cinit        00231E
__pcstackCOMRAM          cstackCOMRAM 000001
__psmallconst            smallconst   000600
__ptext0                 text0        001986
__ptext1                 text1        00234A
__ptext10                text10       001264
__ptext11                text11       00213A
__ptext12                text12       001FD4
__ptext13                text13       001C34
__ptext14                text14       000B2C
__ptext15                text15       001F7E
__ptext16                text16       0022C8
__ptext17                text17       001CBC
__ptext18                text18       00235A
__ptext19                text19       00177A
__ptext2                 text2        0022A6
__ptext20                text20       001610
__ptext21                text21       001AF4
__ptext22                text22       001A40
__ptext23                text23       002280
__ptext24                text24       0022E6
__ptext25                text25       001E76
__ptext26                text26       002024
__ptext27                text27       002202
__ptext28                text28       00222C
__ptext29                text29       0020BA
__ptext3                 text3        002364
__ptext30                text30       000DC8
__ptext31                text31       00236C
__ptext32                text32       0021A6
__ptext33                text33       002174
__ptext34                text34       0020FC
__ptext35                text35       001B98
__ptext36                text36       0018B0
__ptext37                text37       001E12
__ptext38                text38       001D34
__ptext39                text39       002256
__ptext4                 text4        0014A4
__ptext40                text40       001ED0
__ptext41                text41       001DA8
__ptext42                text42       002072
__ptext43                text43       001016
__ptext5                 text5        001F28
__ptext6                 text6        000694
__ptext7                 text7        002334
__ptext8                 text8        0021D6
__ptext9                 text9        002304
__ramtop                 ramtop       000600
__size_of_PulseClockData (abs)        000000
__size_of_PulseEnClock   (abs)        000000
__size_of___lldiv        (abs)        000000
__size_of___llmod        (abs)        000000
__size_of___lmul         (abs)        000000
__size_of___lwdiv        (abs)        000000
__size_of___lwmod        (abs)        000000
__size_of_adcInit        (abs)        000000
__size_of_adcRead        (abs)        000000
__size_of_apagaDisplay   (abs)        000000
__size_of_calcula        (abs)        000000
__size_of_delayMicro     (abs)        000000
__size_of_delayMili      (abs)        000000
__size_of_digitalRead    (abs)        000000
__size_of_digitalWrite   (abs)        000000
__size_of_kpDebounce     (abs)        000000
__size_of_kpInit         (abs)        000000
__size_of_kpRead         (abs)        000000
__size_of_kpReadKey      (abs)        000000
__size_of_lcdChar        (abs)        000000
__size_of_lcdCommand     (abs)        000000
__size_of_lcdInit        (abs)        000000
__size_of_lcdPosition    (abs)        000000
__size_of_lcdString      (abs)        000000
__size_of_leTeclado      (abs)        000000
__size_of_levelocidade   (abs)        000000
__size_of_main           (abs)        000000
__size_of_mostraDisplay  (abs)        000000
__size_of_pinMode        (abs)        000000
__size_of_pulseEnablePin (abs)        000000
__size_of_pushByte       (abs)        000000
__size_of_pushNibble     (abs)        000000
__size_of_serialInit     (abs)        000000
__size_of_serialRead     (abs)        000000
__size_of_serialSend     (abs)        000000
__size_of_serialcom      (abs)        000000
__size_of_soInit         (abs)        000000
__size_of_soWrite        (abs)        000000
__size_of_ssdDigit       (abs)        000000
__size_of_ssdInit        (abs)        000000
__size_of_ssdUpdate      (abs)        000000
__size_of_timerInit      (abs)        000000
__size_of_timerReset     (abs)        000000
__size_of_timerWait      (abs)        000000
__smallconst             smallconst   000600
_adcInit                 text42       002072
_adcRead                 text12       001FD4
_apagaDisplay            text39       002256
_calcula                 text35       001B98
_charKey                 smallconst   000612
_delayMicro              text31       00236C
_delayMili               text32       0021A6
_digitalRead             text20       001610
_digitalWrite            text30       000DC8
_display                 bssCOMRAM    000043
_keys                    bssCOMRAM    00003C
_kpDebounce              text19       00177A
_kpInit                  text33       002174
_kpRead                  text18       00235A
_kpReadKey               text17       001CBC
_lcdChar                 text16       0022C8
_lcdCommand              text24       0022E6
_lcdInit                 text22       001A40
_lcdPosition             text11       00213A
_lcdString               text15       001F7E
_leTeclado               text14       000B2C
_levelocidade            text10       001264
_levelocidade$1384       cstackCOMRAM 000027
_limite                  bssCOMRAM    000032
_main                    text0        001986
_mostraDisplay           text36       0018B0
_multa                   bssCOMRAM    000036
_op                      bssCOMRAM    00003E
_pinMode                 text43       001016
_pot                     bssCOMRAM    000046
_pulseEnablePin          text29       0020BA
_pushByte                text25       001E76
_pushNibble              text23       002280
_serialInit              text9        002304
_serialRead              text8        0021D6
_serialSend              text7        002334
_serialcom               text6        000694
_serialcom$1385          cstackCOMRAM 000025
_soInit                  text34       0020FC
_soWrite                 text26       002024
_ssdDigit                text40       001ED0
_ssdInit                 text5        001F28
_ssdUpdate               text4        0014A4
_started                 bssCOMRAM    000045
_timerInit               text3        002364
_timerReset              text2        0022A6
_timerWait               text1        00234A
_v0                      bssCOMRAM    000042
_v1                      bssCOMRAM    000041
_v2                      bssCOMRAM    000040
_v3                      bssCOMRAM    00003F
_valor                   smallconst   000601
_velocidade              bssCOMRAM    00002E
adcRead@ADvalor          cstackCOMRAM 000003
adcRead@channel          cstackCOMRAM 000001
delayMicro@a             cstackCOMRAM 000001
delayMili@a              cstackCOMRAM 000001
delayMili@i              cstackCOMRAM 000004
digitalRead@pin          cstackCOMRAM 000001
digitalWrite@pin         cstackCOMRAM 000001
digitalWrite@value       cstackCOMRAM 000003
end_of_initialization    cinit        00232A
intlevel0                text         000000
intlevel1                text         000000
intlevel2                text         000000
intlevel3                text         000000
isa$std                  (abs)        000001
isa$xinst                (abs)        000000
kpDebounce@i             cstackCOMRAM 00000D
kpDebounce@newRead       bssCOMRAM    00003A
kpDebounce@oldRead       bssCOMRAM    000038
kpDebounce@tempo         bssCOMRAM    000044
kpReadKey@i              cstackCOMRAM 000004
lcdChar@value            cstackCOMRAM 00000E
lcdCommand@value         cstackCOMRAM 00000E
lcdPosition@col          cstackCOMRAM 000011
lcdPosition@line         cstackCOMRAM 00000F
lcdString@i              cstackCOMRAM 000013
lcdString@msg            cstackCOMRAM 00000F
leTeclado@tecla          cstackCOMRAM 00001C
levelocidade@valantigo   cstackCOMRAM 000023
main@slot                cstackCOMRAM 00002D
mostraDisplay@v0         cstackCOMRAM 00000D
mostraDisplay@v1         cstackCOMRAM 00000F
mostraDisplay@v2         cstackCOMRAM 000011
mostraDisplay@v3         cstackCOMRAM 000013
pinMode@pin              cstackCOMRAM 000001
pinMode@type             cstackCOMRAM 000003
pushByte@rs              cstackCOMRAM 00000A
pushByte@value           cstackCOMRAM 00000D
pushNibble@rs            cstackCOMRAM 00000A
pushNibble@value         cstackCOMRAM 00000C
serialRead@resp          cstackCOMRAM 000001
serialSend@c             cstackCOMRAM 000001
soWrite@i                cstackCOMRAM 000009
soWrite@value            cstackCOMRAM 000007
ssdDigit@pos             cstackCOMRAM 000001
ssdDigit@val             cstackCOMRAM 000002
stackhi                  (abs)        0005FF
stacklo                  (abs)        000080
start                    init         000000
start_initialization     cinit        00231E
timerReset@ciclos        cstackCOMRAM 000003
timerReset@tempo         cstackCOMRAM 000001


MODULE INFORMATION

Module		Function		Class		Link	Load	Size
ssd.c
		_ssdInit       		CODE           	1F28	0000	86
		_ssdDigit      		CODE           	1ED0	0000	88
		_ssdUpdate     		CODE           	14A4	0000	364

ssd.c estimated size: 538

serial.c
		_serialSend    		CODE           	2334	0000	22
		_serialInit    		CODE           	2304	0000	26
		_serialRead    		CODE           	21D6	0000	44

serial.c estimated size: 92

keypad.c
		_kpInit        		CODE           	2174	0000	50
		_kpReadKey     		CODE           	1CBC	0000	120
		_kpDebounce    		CODE           	177A	0000	310
		_kpRead        		CODE           	235A	0000	10

keypad.c estimated size: 490

so.c
		_soInit        		CODE           	20FC	0000	62
		_soWrite       		CODE           	2024	0000	78
		_PulseEnClock  		CODE           	2202	0000	42
		_PulseClockData		CODE           	222C	0000	42

so.c estimated size: 224

io.c
		_digitalRead   		CODE           	1610	0000	362
		_digitalWrite  		CODE           	0DC8	0000	590
		_pinMode       		CODE           	1016	0000	590

io.c estimated size: 1542

timer.c
		_timerWait     		CODE           	234A	0000	16
		_timerReset    		CODE           	22A6	0000	34
		_timerInit     		CODE           	2364	0000	8

timer.c estimated size: 58

C:\Program Files\Microchip\xc8\v2.32\pic\sources\c99\common\lwmod.c
		___lwmod       		CODE           	1E12	0000	100

C:\Program Files\Microchip\xc8\v2.32\pic\sources\c99\common\lwmod.c estimated size: 100

C:\Program Files\Microchip\xc8\v2.32\pic\sources\c99\common\llmod.c
		___llmod       		CODE           	1C34	0000	136

C:\Program Files\Microchip\xc8\v2.32\pic\sources\c99\common\llmod.c estimated size: 136

adc.c
		_adcRead       		CODE           	1FD4	0000	80
		_adcInit       		CODE           	2072	0000	72

adc.c estimated size: 152

shared
		_valor         		SMALLCONST     	0601	0000	17
		_charKey       		SMALLCONST     	0612	0000	10
		__initialization		CODE           	231E	0000	12

shared estimated size: 39

C:\Program Files\Microchip\xc8\v2.32\pic\sources\c99\common\lwdiv.c
		___lwdiv       		CODE           	1D34	0000	116

C:\Program Files\Microchip\xc8\v2.32\pic\sources\c99\common\lwdiv.c estimated size: 116

C:\Program Files\Microchip\xc8\v2.32\pic\sources\c99\common\Umul32.c
		___lmul        		CODE           	1DA8	0000	106

C:\Program Files\Microchip\xc8\v2.32\pic\sources\c99\common\Umul32.c estimated size: 106

lcd.c
		_lcdCommand    		CODE           	22E6	0000	30
		_lcdChar       		CODE           	22C8	0000	30
		_lcdString     		CODE           	1F7E	0000	86
		_pulseEnablePin		CODE           	20BA	0000	66
		_pushByte      		CODE           	1E76	0000	90
		_lcdPosition   		CODE           	213A	0000	58
		_pushNibble    		CODE           	2280	0000	38
		_lcdInit       		CODE           	1A40	0000	180
		_delayMili     		CODE           	21A6	0000	48
		_delayMicro    		CODE           	236C	0000	2

lcd.c estimated size: 628

C:\Program Files\Microchip\xc8\v2.32\pic\sources\c99\common\__lldiv.c
		___lldiv       		CODE           	1AF4	0000	164

C:\Program Files\Microchip\xc8\v2.32\pic\sources\c99\common\__lldiv.c estimated size: 164

main.c
		_levelocidade  		CODE           	1264	0000	576
		_main          		CODE           	1986	0000	186
		_serialcom     		CODE           	0694	0000	1176
		_calcula       		CODE           	1B98	0000	156
		_mostraDisplay 		CODE           	18B0	0000	214
		_leTeclado     		CODE           	0B2C	0000	668
		_apagaDisplay  		CODE           	2256	0000	42

main.c estimated size: 3018

